[    0.000000] Linux version 4.15.0-212-generic (buildd@lcy02-amd64-083) (gcc version 7.5.0 (Ubuntu 7.5.0-3ubuntu1~18.04)) #223-Ubuntu SMP Tue May 23 13:09:22 UTC 2023 (Ubuntu 4.15.0-212.223-generic 4.15.18)
[    0.000000] Command line: BOOT_IMAGE=/boot/vmlinuz-4.15.0-212-generic root=LABEL=cloudimg-rootfs ro console=tty1 console=ttyS0
[    0.000000] KERNEL supported cpus:
[    0.000000]   Intel GenuineIntel
[    0.000000]   AMD AuthenticAMD
[    0.000000]   Centaur CentaurHauls
[    0.000000] x86/fpu: Supporting XSAVE feature 0x001: 'x87 floating point registers'
[    0.000000] x86/fpu: Supporting XSAVE feature 0x002: 'SSE registers'
[    0.000000] x86/fpu: Supporting XSAVE feature 0x004: 'AVX registers'
[    0.000000] x86/fpu: xstate_offset[2]:  576, xstate_sizes[2]:  256
[    0.000000] x86/fpu: Enabled xstate features 0x7, context size is 832 bytes, using 'standard' format.
[    0.000000] e820: BIOS-provided physical RAM map:
[    0.000000] BIOS-e820: [mem 0x0000000000000000-0x000000000009fbff] usable
[    0.000000] BIOS-e820: [mem 0x000000000009fc00-0x000000000009ffff] reserved
[    0.000000] BIOS-e820: [mem 0x00000000000f0000-0x00000000000fffff] reserved
[    0.000000] BIOS-e820: [mem 0x0000000000100000-0x000000003ffeffff] usable
[    0.000000] BIOS-e820: [mem 0x000000003fff0000-0x000000003fffffff] ACPI data
[    0.000000] BIOS-e820: [mem 0x00000000fec00000-0x00000000fec00fff] reserved
[    0.000000] BIOS-e820: [mem 0x00000000fee00000-0x00000000fee00fff] reserved
[    0.000000] BIOS-e820: [mem 0x00000000fffc0000-0x00000000ffffffff] reserved
[    0.000000] NX (Execute Disable) protection: active
[    0.000000] SMBIOS 2.5 present.
[    0.000000] DMI: innotek GmbH VirtualBox/VirtualBox, BIOS VirtualBox 12/01/2006
[    0.000000] Hypervisor detected: KVM
[    0.000000] e820: last_pfn = 0x3fff0 max_arch_pfn = 0x400000000
[    0.000000] MTRR: Disabled
[    0.000000] x86/PAT: MTRRs disabled, skipping PAT initialization too.
[    0.000000] CPU MTRRs all blank - virtualized system.
[    0.000000] x86/PAT: Configuration [0-7]: WB  WT  UC- UC  WB  WT  UC- UC  
[    0.000000] found SMP MP-table at [mem 0x0009fff0-0x0009ffff]
[    0.000000] Scanning 1 areas for low memory corruption
[    0.000000] RAMDISK: [mem 0x359cb000-0x36cdcfff]
[    0.000000] ACPI: Early table checksum verification disabled
[    0.000000] ACPI: RSDP 0x00000000000E0000 000024 (v02 VBOX  )
[    0.000000] ACPI: XSDT 0x000000003FFF0030 00003C (v01 VBOX   VBOXXSDT 00000001 ASL  00000061)
[    0.000000] ACPI: FACP 0x000000003FFF00F0 0000F4 (v04 VBOX   VBOXFACP 00000001 ASL  00000061)
[    0.000000] ACPI: DSDT 0x000000003FFF0610 002353 (v02 VBOX   VBOXBIOS 00000002 INTL 20210930)
[    0.000000] ACPI: FACS 0x000000003FFF0200 000040
[    0.000000] ACPI: FACS 0x000000003FFF0200 000040
[    0.000000] ACPI: APIC 0x000000003FFF0240 00005C (v02 VBOX   VBOXAPIC 00000001 ASL  00000061)
[    0.000000] ACPI: SSDT 0x000000003FFF02A0 00036C (v01 VBOX   VBOXCPUT 00000002 INTL 20210930)
[    0.000000] ACPI: Reserving FACP table memory at [mem 0x3fff00f0-0x3fff01e3]
[    0.000000] ACPI: Reserving DSDT table memory at [mem 0x3fff0610-0x3fff2962]
[    0.000000] ACPI: Reserving FACS table memory at [mem 0x3fff0200-0x3fff023f]
[    0.000000] ACPI: Reserving FACS table memory at [mem 0x3fff0200-0x3fff023f]
[    0.000000] ACPI: Reserving APIC table memory at [mem 0x3fff0240-0x3fff029b]
[    0.000000] ACPI: Reserving SSDT table memory at [mem 0x3fff02a0-0x3fff060b]
[    0.000000] No NUMA configuration found
[    0.000000] Faking a node at [mem 0x0000000000000000-0x000000003ffeffff]
[    0.000000] NODE_DATA(0) allocated [mem 0x3ffc5000-0x3ffeffff]
[    0.000000] kvm-clock: cpu 0, msr 0:3ff44001, primary cpu clock
[    0.000000] kvm-clock: Using msrs 4b564d01 and 4b564d00
[    0.000000] kvm-clock: using sched offset of 3331243091 cycles
[    0.000000] clocksource: kvm-clock: mask: 0xffffffffffffffff max_cycles: 0x1cd42e4dffb, max_idle_ns: 881590591483 ns
[    0.000000] Zone ranges:
[    0.000000]   DMA      [mem 0x0000000000001000-0x0000000000ffffff]
[    0.000000]   DMA32    [mem 0x0000000001000000-0x000000003ffeffff]
[    0.000000]   Normal   empty
[    0.000000]   Device   empty
[    0.000000] Movable zone start for each node
[    0.000000] Early memory node ranges
[    0.000000]   node   0: [mem 0x0000000000001000-0x000000000009efff]
[    0.000000]   node   0: [mem 0x0000000000100000-0x000000003ffeffff]
[    0.000000] Reserved but unavailable: 104 pages
[    0.000000] Initmem setup node 0 [mem 0x0000000000001000-0x000000003ffeffff]
[    0.000000] ACPI: PM-Timer IO Port: 0x4008
[    0.000000] IOAPIC[0]: apic_id 2, version 32, address 0xfec00000, GSI 0-23
[    0.000000] ACPI: INT_SRC_OVR (bus 0 bus_irq 0 global_irq 2 dfl dfl)
[    0.000000] ACPI: INT_SRC_OVR (bus 0 bus_irq 9 global_irq 9 low level)
[    0.000000] Using ACPI (MADT) for SMP configuration information
[    0.000000] smpboot: Allowing 2 CPUs, 0 hotplug CPUs
[    0.000000] PM: Registered nosave memory: [mem 0x00000000-0x00000fff]
[    0.000000] PM: Registered nosave memory: [mem 0x0009f000-0x0009ffff]
[    0.000000] PM: Registered nosave memory: [mem 0x000a0000-0x000effff]
[    0.000000] PM: Registered nosave memory: [mem 0x000f0000-0x000fffff]
[    0.000000] e820: [mem 0x40000000-0xfebfffff] available for PCI devices
[    0.000000] Booting paravirtualized kernel on KVM
[    0.000000] clocksource: refined-jiffies: mask: 0xffffffff max_cycles: 0xffffffff, max_idle_ns: 7645519600211568 ns
[    0.000000] setup_percpu: NR_CPUS:8192 nr_cpumask_bits:2 nr_cpu_ids:2 nr_node_ids:1
[    0.000000] percpu: Embedded 50 pages/cpu s167936 r8192 d28672 u1048576
[    0.000000] PV qspinlock hash table entries: 256 (order: 0, 4096 bytes)
[    0.000000] Built 1 zonelists, mobility grouping on.  Total pages: 257913
[    0.000000] Policy zone: DMA32
[    0.000000] Kernel command line: BOOT_IMAGE=/boot/vmlinuz-4.15.0-212-generic root=LABEL=cloudimg-rootfs ro console=tty1 console=ttyS0
[    0.000000] Memory: 982644K/1048120K available (12300K kernel code, 2477K rwdata, 4324K rodata, 2480K init, 2720K bss, 65476K reserved, 0K cma-reserved)
[    0.000000] SLUB: HWalign=64, Order=0-3, MinObjects=0, CPUs=2, Nodes=1
[    0.000000] Kernel/User page tables isolation: enabled
[    0.000000] ftrace: allocating 39508 entries in 155 pages
[    0.004000] Hierarchical RCU implementation.
[    0.004000] 	RCU restricting CPUs from NR_CPUS=8192 to nr_cpu_ids=2.
[    0.004000] 	Tasks RCU enabled.
[    0.004000] RCU: Adjusting geometry for rcu_fanout_leaf=16, nr_cpu_ids=2
[    0.004000] NR_IRQS: 524544, nr_irqs: 440, preallocated irqs: 16
[    0.004000] random: crng init done
[    0.004000] Console: colour VGA+ 80x25
[    0.004000] console [tty1] enabled
[    0.004000] console [ttyS0] enabled
[    0.004000] ACPI: Core revision 20170831
[    0.004000] ACPI: 2 ACPI AML tables successfully acquired and loaded
[    0.004000] APIC: Switch to symmetric I/O mode setup
[    0.004084] x2apic enabled
[    0.007380] Switched APIC routing to physical x2apic.
[    0.012000] ..TIMER: vector=0x30 apic1=0 pin1=2 apic2=-1 pin2=-1
[    0.012002] tsc: Detected 2596.856 MHz processor
[    0.016008] Calibrating delay loop (skipped) preset value.. 5193.71 BogoMIPS (lpj=10387424)
[    0.020002] pid_max: default: 32768 minimum: 301
[    0.022839] Security Framework initialized
[    0.024002] Yama: becoming mindful.
[    0.028036] AppArmor: AppArmor initialized
[    0.032347] Dentry cache hash table entries: 131072 (order: 8, 1048576 bytes)
[    0.036641] Inode-cache hash table entries: 65536 (order: 7, 524288 bytes)
[    0.040030] Mount-cache hash table entries: 2048 (order: 2, 16384 bytes)
[    0.044024] Mountpoint-cache hash table entries: 2048 (order: 2, 16384 bytes)
[    0.049236] Last level iTLB entries: 4KB 64, 2MB 8, 4MB 8
[    0.052002] Last level dTLB entries: 4KB 64, 2MB 0, 4MB 0, 1GB 4
[    0.056016] Spectre V1 : Mitigation: usercopy/swapgs barriers and __user pointer sanitization
[    0.060002] Spectre V2 : Mitigation: Retpolines
[    0.064002] Spectre V2 : Spectre v2 / SpectreRSB mitigation: Filling RSB on context switch
[    0.068001] Spectre V2 : Spectre v2 / SpectreRSB : Filling RSB on VMEXIT
[    0.072002] RETBleed: WARNING: Spectre v2 mitigation leaves CPU vulnerable to RETBleed attacks, data leaks possible!
[    0.076002] RETBleed: Vulnerable
[    0.080002] Speculative Store Bypass: Vulnerable
[    0.084091] MDS: Mitigation: Clear CPU buffers
[    0.086801] MMIO Stale Data: Mitigation: Clear CPU buffers
[    0.088015] SRBDS: Unknown: Dependent on hypervisor status
[    0.092148] Freeing SMP alternatives memory: 36K
[    0.208941] smpboot: CPU0: Intel(R) Core(TM) i7-9750H CPU @ 2.60GHz (family: 0x6, model: 0x9e, stepping: 0xa)
[    0.212168] Performance Events: unsupported p6 CPU model 158 no PMU driver, software events only.
[    0.216060] Hierarchical SRCU implementation.
[    0.220521] NMI watchdog: Perf event create on CPU 0 failed with -2
[    0.224002] NMI watchdog: Perf NMI watchdog permanently disabled
[    0.228131] smp: Bringing up secondary CPUs ...
[    0.231158] x86: Booting SMP configuration:
[    0.232002] .... node  #0, CPUs:      #1
[    0.004000] kvm-clock: cpu 1, msr 0:3ff44041, secondary cpu clock
[    0.236125] smp: Brought up 1 node, 2 CPUs
[    0.240004] smpboot: Max logical packages: 1
[    0.242440] smpboot: Total of 2 processors activated (10387.42 BogoMIPS)
[    0.244187] devtmpfs: initialized
[    0.248058] x86/mm: Memory block size: 128MB
[    0.250682] evm: security.selinux
[    0.252002] evm: security.SMACK64
[    0.253963] evm: security.SMACK64EXEC
[    0.256002] evm: security.SMACK64TRANSMUTE
[    0.260002] evm: security.SMACK64MMAP
[    0.262185] evm: security.apparmor
[    0.264002] evm: security.ima
[    0.265791] evm: security.capability
[    0.268199] clocksource: jiffies: mask: 0xffffffff max_cycles: 0xffffffff, max_idle_ns: 7645041785100000 ns
[    0.272007] futex hash table entries: 512 (order: 3, 32768 bytes)
[    0.276079] pinctrl core: initialized pinctrl subsystem
[    0.280176] RTC time: 21:56:16, date: 05/09/24
[    0.284212] NET: Registered protocol family 16
[    0.286822] audit: initializing netlink subsys (disabled)
[    0.288059] audit: type=2000 audit(1715291780.071:1): state=initialized audit_enabled=0 res=1
[    0.292056] cpuidle: using governor ladder
[    0.294548] cpuidle: using governor menu
[    0.296034] ACPI: bus type PCI registered
[    0.300002] acpiphp: ACPI Hot Plug PCI Controller Driver version: 0.5
[    0.304300] PCI: Using configuration type 1 for base access
[    0.309030] HugeTLB registered 2.00 MiB page size, pre-allocated 0 pages
[    0.312148] ACPI: Added _OSI(Module Device)
[    0.316003] ACPI: Added _OSI(Processor Device)
[    0.318518] ACPI: Added _OSI(3.0 _SCP Extensions)
[    0.320002] ACPI: Added _OSI(Processor Aggregator Device)
[    0.324002] ACPI: Added _OSI(Linux-Dell-Video)
[    0.328002] ACPI: Added _OSI(Linux-Lenovo-NV-HDMI-Audio)
[    0.330968] ACPI: Added _OSI(Linux-HPI-Hybrid-Graphics)
[    0.332565] ACPI: Executed 1 blocks of module-level executable AML code
[    0.341321] ACPI: Interpreter enabled
[    0.343472] ACPI: (supports S0 S5)
[    0.344002] ACPI: Using IOAPIC for interrupt routing
[    0.348329] PCI: Using host bridge windows from ACPI; if necessary, use "pci=nocrs" and report a bug
[    0.352198] ACPI: Enabled 2 GPEs in block 00 to 07
[    0.364922] ACPI: PCI Root Bridge [PCI0] (domain 0000 [bus 00-ff])
[    0.368006] acpi PNP0A03:00: _OSC: OS supports [ASPM ClockPM Segments MSI]
[    0.372568] acpi PNP0A03:00: _OSC: not requesting OS control; OS requires [ExtendedConfig ASPM ClockPM MSI]
[    0.376009] acpi PNP0A03:00: fail to add MMCONFIG information, can't access extended PCI configuration space under this bridge.
[    0.384389] PCI host bridge to bus 0000:00
[    0.387142] pci_bus 0000:00: root bus resource [io  0x0000-0x0cf7 window]
[    0.388003] pci_bus 0000:00: root bus resource [io  0x0d00-0xffff window]
[    0.392003] pci_bus 0000:00: root bus resource [mem 0x000a0000-0x000bffff window]
[    0.396003] pci_bus 0000:00: root bus resource [mem 0x40000000-0xfdffffff window]
[    0.400003] pci_bus 0000:00: root bus resource [bus 00-ff]
[    0.410312] pci 0000:00:01.1: legacy IDE quirk: reg 0x10: [io  0x01f0-0x01f7]
[    0.412002] pci 0000:00:01.1: legacy IDE quirk: reg 0x14: [io  0x03f6]
[    0.416003] pci 0000:00:01.1: legacy IDE quirk: reg 0x18: [io  0x0170-0x0177]
[    0.420003] pci 0000:00:01.1: legacy IDE quirk: reg 0x1c: [io  0x0376]
[    0.492000] pci 0000:00:07.0: quirk: [io  0x4000-0x403f] claimed by PIIX4 ACPI
[    0.492000] pci 0000:00:07.0: quirk: [io  0x4100-0x410f] claimed by PIIX4 SMB
[    0.496176] ACPI: PCI Interrupt Link [LNKA] (IRQs 5 9 10 *11)
[    0.500000] ACPI: PCI Interrupt Link [LNKB] (IRQs 5 9 *10 11)
[    0.500000] ACPI: PCI Interrupt Link [LNKC] (IRQs 5 *9 10 11)
[    0.500000] ACPI: PCI Interrupt Link [LNKD] (IRQs 5 9 10 *11)
[    0.500000] SCSI subsystem initialized
[    0.500173] pci 0000:00:02.0: vgaarb: setting as boot VGA device
[    0.503907] pci 0000:00:02.0: vgaarb: VGA device added: decodes=io+mem,owns=io+mem,locks=none
[    0.504000] pci 0000:00:02.0: vgaarb: bridge control possible
[    0.504002] vgaarb: loaded
[    0.505961] ACPI: bus type USB registered
[    0.508000] usbcore: registered new interface driver usbfs
[    0.508000] usbcore: registered new interface driver hub
[    0.508008] usbcore: registered new device driver usb
[    0.512036] EDAC MC: Ver: 3.0.0
[    0.514678] PCI: Using ACPI for IRQ routing
[    0.516543] NetLabel: Initializing
[    0.520002] NetLabel:  domain hash size = 128
[    0.524002] NetLabel:  protocols = UNLABELED CIPSOv4 CALIPSO
[    0.528014] NetLabel:  unlabeled traffic allowed by default
[    0.532175] clocksource: Switched to clocksource kvm-clock
[    0.541378] VFS: Disk quotas dquot_6.6.0
[    0.555506] VFS: Dquot-cache hash table entries: 512 (order 0, 4096 bytes)
[    0.560130] AppArmor: AppArmor Filesystem Enabled
[    0.563082] pnp: PnP ACPI init
[    0.563919] pnp: PnP ACPI: found 3 devices
[    0.576511] clocksource: acpi_pm: mask: 0xffffff max_cycles: 0xffffff, max_idle_ns: 2085701024 ns
[    0.581785] NET: Registered protocol family 2
[    0.584758] IP idents hash table entries: 16384 (order: 5, 131072 bytes)
[    0.588954] TCP established hash table entries: 8192 (order: 4, 65536 bytes)
[    0.592739] TCP bind hash table entries: 8192 (order: 5, 131072 bytes)
[    0.597643] TCP: Hash tables configured (established 8192 bind 8192)
[    0.601496] UDP hash table entries: 512 (order: 2, 16384 bytes)
[    0.605129] UDP-Lite hash table entries: 512 (order: 2, 16384 bytes)
[    0.608892] NET: Registered protocol family 1
[    0.609091] pci 0000:00:00.0: Limiting direct PCI/PCI transfers
[    0.609091] pci 0000:00:01.0: Activating ISA DMA hang workarounds
[    0.618982] pci 0000:00:02.0: Video device with shadowed ROM at [mem 0x000c0000-0x000dffff]
[    0.624090] Unpacking initramfs...
[    0.732340] Freeing initrd memory: 19528K
[    0.899961] clocksource: tsc: mask: 0xffffffffffffffff max_cycles: 0x256ea21267f, max_idle_ns: 440795296053 ns
[    0.903793] platform rtc_cmos: registered platform RTC device (no PNP device found)
[    0.910279] Scanning for low memory corruption every 60 seconds
[    0.914941] Initialise system trusted keyrings
[    0.917853] Key type blacklist registered
[    0.920950] workingset: timestamp_bits=36 max_order=18 bucket_order=0
[    0.924873] zbud: loaded
[    0.929035] squashfs: version 4.0 (2009/01/31) Phillip Lougher
[    0.932801] fuse init (API version 7.26)
[    0.941186] Key type asymmetric registered
[    0.943773] Asymmetric key parser 'x509' registered
[    0.946859] Block layer SCSI generic (bsg) driver version 0.4 loaded (major 246)
[    0.951891] io scheduler noop registered
[    0.954538] io scheduler deadline registered
[    0.957310] io scheduler cfq registered (default)
[    0.960915] ACPI: AC Adapter [AC] (off-line)
[    0.963698] input: Power Button as /devices/LNXSYSTM:00/LNXPWRBN:00/input/input0
[    0.968380] ACPI: Power Button [PWRF]
[    0.971236] input: Sleep Button as /devices/LNXSYSTM:00/LNXSLPBN:00/input/input1
[    0.972376] ACPI: Sleep Button [SLPF]
[    0.979902] Serial: 8250/16550 driver, 32 ports, IRQ sharing enabled
[    0.981545] ACPI: Battery Slot [BAT0] (battery present)
[    1.012089] 00:02: ttyS0 at I/O 0x3f8 (irq = 4, base_baud = 115200) is a 16550A
[    1.017790] Linux agpgart interface v0.103
[    1.023231] loop: module loaded
[    1.027238] scsi host0: ata_piix
[    1.029677] scsi host1: ata_piix
[    1.031825] ata1: PATA max UDMA/33 cmd 0x1f0 ctl 0x3f6 bmdma 0xd000 irq 14
[    1.033671] ata2: PATA max UDMA/33 cmd 0x170 ctl 0x376 bmdma 0xd008 irq 15
[    1.040937] tun: Universal TUN/TAP device driver, 1.6
[    1.044060] PPP generic driver version 2.4.2
[    1.046934] ehci_hcd: USB 2.0 'Enhanced' Host Controller (EHCI) Driver
[    1.050758] ehci-pci: EHCI PCI platform driver
[    1.050880] ehci-platform: EHCI generic platform driver
[    1.056797] ohci_hcd: USB 1.1 'Open' Host Controller (OHCI) Driver
[    1.060522] ohci-pci: OHCI PCI platform driver
[    1.063299] ohci-platform: OHCI generic platform driver
[    1.064503] uhci_hcd: USB Universal Host Controller Interface driver
[    1.070322] i8042: PNP: PS/2 Controller [PNP0303:PS2K,PNP0f03:PS2M] at 0x60,0x64 irq 1,12
[    1.077089] serio: i8042 KBD port at 0x60,0x64 irq 1
[    1.080055] serio: i8042 AUX port at 0x60,0x64 irq 12
[    1.080055] mousedev: PS/2 mouse device common for all mice
[    1.087793] input: AT Translated Set 2 keyboard as /devices/platform/i8042/serio0/input/input2
[    1.088460] rtc_cmos rtc_cmos: rtc core: registered rtc_cmos as rtc0
[    1.098656] rtc_cmos rtc_cmos: alarms up to one day, 114 bytes nvram
[    1.102266] i2c /dev entries driver
[    1.104453] device-mapper: uevent: version 1.0.3
[    1.107530] device-mapper: ioctl: 4.37.0-ioctl (2017-09-20) initialised: dm-devel@redhat.com
[    1.112590] ledtrig-cpu: registered to indicate activity on CPUs
[    1.116996] NET: Registered protocol family 10
[    1.124996] Segment Routing with IPv6
[    1.127107] NET: Registered protocol family 17
[    1.129847] Key type dns_resolver registered
[    1.133049] mce: Using 0 MCE banks
[    1.135141] RAS: Correctable Errors collector initialized.
[    1.138496] sched_clock: Marking stable (1138463284, 0)->(1626810409, -488347125)
[    1.144589] registered taskstats version 1
[    1.146934] Loading compiled-in X.509 certificates
[    1.152574] Loaded X.509 cert 'Build time autogenerated kernel key: b5b26778eaa3ab3a4a6cee031137706e947d12ad'
[    1.158365] Loaded X.509 cert 'Canonical Ltd. Live Patch Signing: 14df34d1a87cf37625abec039ef2bf521249b969'
[    1.164091] Loaded X.509 cert 'Canonical Ltd. Kernel Module Signing: 88f752e560a1e0737e31163a466ad7b70a850c19'
[    1.169577] blacklist: Loading compiled-in revocation X.509 certificates
[    1.173320] Loaded X.509 cert 'Canonical Ltd. Secure Boot Signing: 61482aa2830d0ab2ad5af10b7250da9033ddcef0'
[    1.178708] Loaded X.509 cert 'Canonical Ltd. Secure Boot Signing (2017): 242ade75ac4a15e50d50c84b0d45ff3eae707a03'
[    1.184429] Loaded X.509 cert 'Canonical Ltd. Secure Boot Signing (ESM 2018): 365188c1d374d6b07c3c8f240f8ef722433d6a8b'
[    1.190303] Loaded X.509 cert 'Canonical Ltd. Secure Boot Signing (2019): c0746fd6c5da3ae827864651ad66ae47fe24b3e8'
[    1.196086] Loaded X.509 cert 'Canonical Ltd. Secure Boot Signing (2021 v1): a8d54bbb3825cfb94fa13c9f8a594a195c107b8d'
[    1.202076] Loaded X.509 cert 'Canonical Ltd. Secure Boot Signing (2021 v2): 4cf046892d6fd3c9a5b03f98d845f90851dc6a8c'
[    1.224615] Loaded X.509 cert 'Canonical Ltd. Secure Boot Signing (2021 v3): 100437bb6de6e469b581e61cd66bce3ef4ed53af'
[    1.231257] Loaded X.509 cert 'Canonical Ltd. Secure Boot Signing (Ubuntu Core 2019): c1d57b8f6b743f23ee41f4f7ee292f06eecadfb9'
[    1.238403] zswap: loaded using pool lzo/zbud
[    1.258086] Key type big_key registered
[    1.260616] Key type trusted registered
[    1.265831] Key type encrypted registered
[    1.268334] AppArmor: AppArmor sha1 policy hashing enabled
[    1.271626] ima: No TPM chip found, activating TPM-bypass! (rc=-19)
[    1.275319] ima: Allocated hash algorithm: sha1
[    1.278249] evm: HMAC attrs: 0x1
[    1.281007]   Magic number: 8:788:954
[    1.283407] memory memory7: hash matches
[    1.286305] rtc_cmos rtc_cmos: setting system clock to 2024-05-09 21:56:17 UTC (1715291777)
[    1.291807] BIOS EDD facility v0.16 2004-Jun-25, 0 devices found
[    1.295493] EDD information not available.
[    1.301009] Freeing unused kernel image memory: 2480K
[    1.324921] Write protecting the kernel read-only data: 20480k
[    1.331802] Freeing unused kernel image memory: 2008K
[    1.335963] Freeing unused kernel image memory: 1820K
[    1.344919] x86/mm: Checked W+X mappings: passed, no W+X pages found.
[    1.349407] x86/mm: Checking user space page tables
[    1.357487] x86/mm: Checked W+X mappings: passed, no W+X pages found.
Loading, please wait...
starting version 237
[    1.437702] e1000: Intel(R) PRO/1000 Network Driver - version 7.3.21-k8-NAPI
[    1.441923] e1000: Copyright (c) 1999-2006 Intel Corporation.
[    1.445540] Fusion MPT base driver 3.04.20
[    1.448647] Copyright (c) 1999-2008 LSI Corporation
[    1.457594] Fusion MPT SPI Host driver 3.04.20
[    1.476325] AVX2 version of gcm_enc/dec engaged.
[    1.479019] AES CTR mode by8 optimization enabled
[    1.686932] input: ImExPS/2 Generic Explorer Mouse as /devices/platform/i8042/serio1/input/input4
[    1.937502] e1000 0000:00:03.0 eth0: (PCI:33MHz:32-bit) 02:3b:7b:b7:3b:2d
[    1.941538] e1000 0000:00:03.0 eth0: Intel(R) PRO/1000 Network Connection
[    1.948435] mptbase: ioc0: Initiating bringup
[    1.948670] e1000 0000:00:03.0 enp0s3: renamed from eth0
[    2.059675] ioc0: LSI53C1030 A0: Capabilities={Initiator}
[    2.311712] scsi host2: ioc0: LSI53C1030 A0, FwRev=00000000h, Ports=1, MaxQ=256, IRQ=20
[    2.486991] scsi 2:0:0:0: Direct-Access     VBOX     HARDDISK         1.0  PQ: 0 ANSI: 5
[    2.528503] scsi target2:0:0: Beginning Domain Validation
[    2.537316] scsi target2:0:0: Domain Validation skipping write tests
[    2.542054] scsi target2:0:0: Ending Domain Validation
[    2.546139] scsi target2:0:0: asynchronous
[    2.550200] scsi 2:0:1:0: Direct-Access     VBOX     HARDDISK         1.0  PQ: 0 ANSI: 5
[    2.584364] scsi target2:0:1: Beginning Domain Validation
[    2.593688] scsi target2:0:1: Domain Validation skipping write tests
[    2.598501] scsi target2:0:1: Ending Domain Validation
[    2.602642] scsi target2:0:1: asynchronous
[    2.613178] sd 2:0:0:0: [sda] 83886080 512-byte logical blocks: (42.9 GB/40.0 GiB)
[    2.618757] sd 2:0:0:0: [sda] Write Protect is off
[    2.622579] sd 2:0:0:0: [sda] Incomplete mode parameter data
[    2.626670] sd 2:0:0:0: [sda] Assuming drive cache: write through
[    2.630912] sd 2:0:0:0: Attached scsi generic sg0 type 0
[    2.635358] sd 2:0:1:0: Attached scsi generic sg1 type 0
[    2.635481] sd 2:0:1:0: [sdb] 20480 512-byte logical blocks: (10.5 MB/10.0 MiB)
[    2.644118] sd 2:0:1:0: [sdb] Write Protect is off
[    2.648178] sd 2:0:1:0: [sdb] Incomplete mode parameter data
[    2.651559] sd 2:0:1:0: [sdb] Assuming drive cache: write through
[    2.657131]  sda: sda1
[    2.660615] sd 2:0:0:0: [sda] Attached SCSI disk
[    2.664903] sd 2:0:1:0: [sdb] Attached SCSI disk
Begin: Loading essential drivers ... [    4.696120] raid6: sse2x1   gen() 13145 MB/s
[    4.744562] raid6: sse2x1   xor()  9385 MB/s
[    4.793080] raid6: sse2x2   gen() 16025 MB/s
[    4.841128] raid6: sse2x2   xor() 10963 MB/s
[    4.888673] raid6: sse2x4   gen() 18432 MB/s
[    4.936417] raid6: sse2x4   xor() 11388 MB/s
[    4.984309] raid6: avx2x1   gen() 25553 MB/s
[    5.033385] raid6: avx2x1   xor() 19306 MB/s
[    5.080409] raid6: avx2x2   gen() 30420 MB/s
[    5.128513] raid6: avx2x2   xor() 19975 MB/s
[    5.176223] raid6: avx2x4   gen() 35280 MB/s
[    5.224175] raid6: avx2x4   xor() 21606 MB/s
[    5.226932] raid6: using algorithm avx2x4 gen() 35280 MB/s
[    5.230107] raid6: .... xor() 21606 MB/s, rmw enabled
[    5.233053] raid6: using avx2x2 recovery algorithm
[    5.237824] xor: automatically using best checksumming function   avx       
[    5.243073] async_tx: api initialized (async)
done.
Begin: Running /scripts/init-premount ... done.
Begin: Mounting root file system ... Begin: Running /scripts/local-top ... done.
Begin: Running /scripts/local-premount ... [    5.294932] Btrfs loaded, crc32c=crc32c-intel
Scanning for Btrfs filesystems
done.
Warning: fsck not present, so skipping root file system
[    5.328547] EXT4-fs (sda1): mounted filesystem with ordered data mode. Opts: (null)
done.
Begin: Running /scripts/local-bottom ... done.
Begin: Running /scripts/init-bottom ... done.
[    5.520419] ip_tables: (C) 2000-2006 Netfilter Core Team
[    5.532822] systemd[1]: systemd 237 running in system mode. (+PAM +AUDIT +SELINUX +IMA +APPARMOR +SMACK +SYSVINIT +UTMP +LIBCRYPTSETUP +GCRYPT +GNUTLS +ACL +XZ +LZ4 +SECCOMP +BLKID +ELFUTILS +KMOD -IDN2 +IDN -PCRE2 default-hierarchy=hybrid)
[    5.544194] systemd[1]: Detected virtualization oracle.
[    5.547116] systemd[1]: Detected architecture x86-64.

Welcome to [1mUbuntu 18.04.6 LTS[0m!

[    5.564522] systemd[1]: Set hostname to <ubuntu>.
[    5.570051] systemd[1]: Initializing machine ID from random generator.
[    5.573677] systemd[1]: Installed transient /etc/machine-id file.
[    5.827986] systemd[1]: Started Forward Password Requests to Wall Directory Watch.
[[0;32m  OK  [0m] Started Forward Password Requests to Wall Directory Watch.
[    5.835180] systemd[1]: Reached target User and Group Name Lookups.
[[0;32m  OK  [0m] Reached target User and Group Name Lookups.
[    5.841464] systemd[1]: Reached target Swap.
[[0;32m  OK  [0m] Reached target Swap.
[    5.851447] systemd[1]: Created slice System Slice.
[[0;32m  OK  [0m] Created slice System Slice.
[[0;32m  OK  [0m] Listening on Device-mapper event daemon FIFOs.
[[0;32m  OK  [0m] Listening on Network Service Netlink Socket.
[[0;32m  OK  [0m] Listening on LVM2 metadata daemon socket.
[[0;32m  OK  [0m] Listening on Syslog Socket.
[[0;32m  OK  [0m] Listening on udev Control Socket.
[[0;32m  OK  [0m] Listening on Journal Socket.
         Starting Uncomplicated firewall...
         Starting Monitoring of LVM2 mirrorsâ€¦ng dmeventd or progress polling...
[[0;32m  OK  [0m] Reached target System Time Synchronized.
[[0;32m  OK  [0m] Listening on udev Kernel Socket.
         Starting udev Coldplug all Devices...
         Starting Create list of required stâ€¦ce nodes for the current kernel...
[[0;32m  OK  [0m] Listening on Journal Socket (/dev/log).
[[0;32m  OK  [0m] Listening on LVM2 poll daemon socket.
[[0;32m  OK  [0m] Created slice system-serial\x2dgetty.slice.
[[0;32m  OK  [0m] Listening on Journal Audit Socket.
         Starting Journal Service...
[[0;32m  OK  [0m] Listening on /dev/initctl Compatibility Named Pipe.
[[0;32m  OK  [0m] Set up automount Arbitrary Executabâ€¦rmats File System Automount Point.
         Starting Load Kernel Modules...
         Mounting Huge Pages File System...
         Mounting Kernel Debug File System...
[[0;32m  OK  [0m] Reached target Mounting snaps.
[[0;32m  OK  [0m] Created slice User and Session Slice.
[[0;32m  OK  [0m] Reached target Slices.
         Starting Set the console keyboard layout...
[[0;32m  OK  [0m] Listening on fsck to fsckd communication Socket.
         Starting File System Check on Root Device...
[[0;32m  OK  [0m] Reached target Mounted snaps.
         Mounting POSIX Message Queue File System...
[[0;32m  OK  [0m] Started Uncomplicated firewall.
[[0;32m  OK  [0m] Started LVM2 metadata daemon.
[[0;32m  OK  [0m] Started Create list of required staâ€¦vice nodes for the current kernel.
         Starting Create Static Device Nodes in /dev...
[    5.959323] Loading iSCSI transport class v2.0-870.
[    5.968930] iscsi: registered transport (tcp)
[[0;32m  OK  [0m] Started udev Coldplug all Devices.
[[0;32m  OK  [0m] Started Journal Service.
[[0;32m  OK  [0m] Started File System Check Daemon to report status.
[[0;32m  OK  [0m] Started Create Static Device Nodes in /dev.
[[0;32m  OK  [0m] Started File System Check on Root Device.
         Starting Remount Root and Kernel File Systems...
[    6.092479] iscsi: registered transport (iser)
[[0;32m  OK  [0m] Started Load Kernel Modules.
         Starting Apply Kernel Variables...
         Mounting FUSE Control File System...
         Mounting Kernel Configuration File System...
[[0;32m  OK  [0m] Mounted Huge Pages File System.
[[0;32m  OK  [0m] Mounted Kernel Debug File System.
[[0;32m  OK  [0m] Mounted POSIX Message Queue File System.
[[0;32m  OK  [0m] Mounted FUSE Control File System.
[[0;32m  OK  [0m] Mounted Kernel Configuration File System.
[[0;32m  OK  [0m] Started Monitoring of LVM2 mirrors,â€¦sing dmeventd or progress polling.
[[0;32m  OK  [0m] Started Remount Root and Kernel File Systems.
         Starting udev Kernel Device Manager...
         Starting Load/Save Random Seed...
         Starting Flush Journal to Persistent Storage...
[[0;32m  OK  [0m] Started Apply Kernel Variables.
[[0;32m  OK  [0m] Started Load/Save Random Seed.
[[0;32m  OK  [0m] Started udev Kernel Device Manager.
[[0;32m  OK  [0m] Started Flush Journal to Persistent Storage.
[[0;32m  OK  [0m] Found device /dev/ttyS0.
[[0;32m  OK  [0m] Listening on Load/Save RF Kill Switch Status /dev/rfkill Watch.
         Mounting Arbitrary Executable File Formats File System...
[[0;32m  OK  [0m] Mounted Arbitrary Executable File Formats File System.
[[0;32m  OK  [0m] Started Set the console keyboard layout.
[[0;32m  OK  [0m] Reached target Local File Systems (Pre).
[[0;32m  OK  [0m] Reached target Local File Systems.
         Starting Commit a transient machine-id on disk...
         Starting ebtables ruleset management...
         Starting Set console font and keymap...
         Starting Tell Plymouth To Write Out Runtime Data...
         Starting Create Volatile Files and Directories...
         Starting AppArmor initialization...
[[0;32m  OK  [0m] Started Dispatch Password Requests to Console Directory Watch.
[[0;32m  OK  [0m] Reached target Local Encrypted Volumes.
[[0;32m  OK  [0m] Started Tell Plymouth To Write Out Runtime Data.
[[0;32m  OK  [0m] Started Create Volatile Files and Directories.
         Starting Update UTMP about System Boot/Shutdown...
[[0;32m  OK  [0m] Started Update UTMP about System Boot/Shutdown.
[[0;32m  OK  [0m] Started Commit a transient machine-id on disk.
[[0;32m  OK  [0m] Started ebtables ruleset management.
[[0;32m  OK  [0m] Started Set console font and keymap.
[[0;32m  OK  [0m] Started AppArmor initialization.
         Starting Load AppArmor profiles managed internally by snapd...
         Starting Initial cloud-init job (pre-networking)...
[[0;32m  OK  [0m] Started Load AppArmor profiles managed internally by snapd.
[   10.181491] cloud-init[903]: Cloud-init v. 23.1.2-0ubuntu0~18.04.1 running 'init-local' at Thu, 09 May 2024 21:56:26 +0000. Up 9.87 seconds.
[[0;32m  OK  [0m] Started Initial cloud-init job (pre-networking).
[[0;32m  OK  [0m] Reached target Network (Pre).
         Starting Network Service...
[[0;32m  OK  [0m] Started Network Service.
         Starting Network Name Resolution...
         Starting Wait for Network to be Configured...
[[0;32m  OK  [0m] Started Network Name Resolution.
[[0;32m  OK  [0m] Reached target Network.
[[0;32m  OK  [0m] Reached target Host and Network Name Lookups.
[[0;32m  OK  [0m] Started Wait for Network to be Configured.
         Starting Initial cloud-init job (metadata service crawler)...
[   12.599697] cloud-init[1024]: Cloud-init v. 23.1.2-0ubuntu0~18.04.1 running 'init' at Thu, 09 May 2024 21:56:28 +0000. Up 12.46 seconds.
[   12.603160] cloud-init[1024]: ci-info: ++++++++++++++++++++++++++++++++++++++Net device info++++++++++++++++++++++++++++++++++++++
[   12.606218] cloud-init[1024]: ci-info: +--------+------+----------------------------+---------------+--------+-------------------+
[   12.609200] cloud-init[1024]: ci-info: | Device |  Up  |          Address           |      Mask     | Scope  |     Hw-Address    |
[   12.612507] cloud-init[1024]: ci-info: +--------+------+----------------------------+---------------+--------+-------------------+
[   12.615388] cloud-init[1024]: ci-info: | enp0s3 | True |         10.0.2.15          | 255.255.255.0 | global | 02:3b:7b:b7:3b:2d |
[   12.618272] cloud-init[1024]: ci-info: | enp0s3 | True | fe80::3b:7bff:feb7:3b2d/64 |       .       |  link  | 02:3b:7b:b7:3b:2d |
[   12.622180] cloud-init[1024]: ci-info: |   lo   | True |         127.0.0.1          |   255.0.0.0   |  host  |         .         |
[   12.625277] cloud-init[1024]: ci-info: |   lo   | True |          ::1/128           |       .       |  host  |         .         |
[   12.628740] cloud-init[1024]: ci-info: +--------+------+----------------------------+---------------+--------+-------------------+
[   12.631718] cloud-init[1024]: ci-info: ++++++++++++++++++++++++++++Route IPv4 info+++++++++++++++++++++++++++++
[   12.635300] cloud-init[1024]: ci-info: +-------+-------------+----------+-----------------+-----------+-------+
[   12.638112] cloud-init[1024]: ci-info: | Route | Destination | Gateway  |     Genmask     | Interface | Flags |
[   12.641400] cloud-init[1024]: ci-info: +-------+-------------+----------+-----------------+-----------+-------+
[   12.644236] cloud-init[1024]: ci-info: |   0   |   0.0.0.0   | 10.0.2.2 |     0.0.0.0     |   enp0s3  |   UG  |
[   12.647089] cloud-init[1024]: ci-info: |   1   |   10.0.2.0  | 0.0.0.0  |  255.255.255.0  |   enp0s3  |   U   |
[   12.650331] cloud-init[1024]: ci-info: |   2   |   10.0.2.2  | 0.0.0.0  | 255.255.255.255 |   enp0s3  |   UH  |
[   12.653178] cloud-init[1024]: ci-info: +-------+-------------+----------+-----------------+-----------+-------+
[   12.655865] cloud-init[1024]: ci-info: +++++++++++++++++++Route IPv6 info+++++++++++++++++++
[   12.658786] cloud-init[1024]: ci-info: +-------+-------------+---------+-----------+-------+
[   12.661705] cloud-init[1024]: ci-info: | Route | Destination | Gateway | Interface | Flags |
[   12.664573] cloud-init[1024]: ci-info: +-------+-------------+---------+-----------+-------+
[   12.667020] cloud-init[1024]: ci-info: |   1   |  fe80::/64  |    ::   |   enp0s3  |   U   |
[   12.669196] cloud-init[1024]: ci-info: |   3   |    local    |    ::   |   enp0s3  |   U   |
[   12.671542] cloud-init[1024]: ci-info: |   4   |   ff00::/8  |    ::   |   enp0s3  |   U   |
[   12.673717] cloud-init[1024]: ci-info: +-------+-------------+---------+-----------+-------+
[   13.318182] cloud-init[1024]: Generating public/private rsa key pair.
[   13.322521] cloud-init[1024]: Your identification has been saved in /etc/ssh/ssh_host_rsa_key.
[   13.326485] cloud-init[1024]: Your public key has been saved in /etc/ssh/ssh_host_rsa_key.pub.
[   13.330737] cloud-init[1024]: The key fingerprint is:
[   13.333709] cloud-init[1024]: SHA256:RqD2CQH82tpoKJdiHRsDxAzma2mZcwHyqd+fbvq72lk root@ubuntu-bionic
[   13.337996] cloud-init[1024]: The key's randomart image is:
[   13.340944] cloud-init[1024]: +---[RSA 2048]----+
[   13.344104] cloud-init[1024]: |*+... .          |
[   13.347315] cloud-init[1024]: |+=o. o .         |
[   13.350647] cloud-init[1024]: |..oo+   .        |
[   13.354103] cloud-init[1024]: | o=.oo o         |
[   13.357447] cloud-init[1024]: |.O.+  o S        |
[   13.360788] cloud-init[1024]: |o.+=.  .         |
[   13.364546] cloud-init[1024]: | .o=*   E        |
[   13.367417] cloud-init[1024]: |+.*o.o.+         |
[   13.370169] cloud-init[1024]: |o+  o*Xo         |
[   13.372903] cloud-init[1024]: +----[SHA256]-----+
[   13.376195] cloud-init[1024]: Generating public/private dsa key pair.
[   13.379343] cloud-init[1024]: Your identification has been saved in /etc/ssh/ssh_host_dsa_key.[[0;32m  OK  [0m] Started Initial cloud-init job (metadata service crawler).
[[0;32m  OK  [0m] Reached target Network is Online.

[[0;32m  OK  [0m] Reached target Remote File Systems (Pre).
[[0;32m  OK  [0m] Reached target Remote File Systems.
         Starting Availability of block devices...
[[0;32m  OK  [0m] Reached target System Initialization.
[[0;32m  OK  [0m] Listening on Open-iSCSI iscsid Socket.
         Starting LXD - unix socket.
[[0;32m  OK  [0m] Started Message of the Day.
[[0;32m  OK  [0m] Listening on cloud-init hotplug hook socket.
[[0;32m  OK  [0m] Started Daily apt download activities.
[[0;32m  OK  [0m] Started Daily apt upgrade and clean activities.
[[0;32m  OK  [0m] Listening on D-Bus System Message Bus Socket.
[[0;32m  OK  [0m] Listening on UUID daemon activation socket.
[[0;32m  OK  [0m] Started Ubuntu Advantage Timer for running repeated jobs.
[[0;32m  OK  [0m] Started ACPI Events Check.
[[0;32m  OK  [0m] Started Discard unused blocks once a week.
[[0;32m  OK  [0m] Listening on ACPID Listen Socket.
[[0;32m  OK  [0m] Started Daily Cleanup of Temporary Directories.
[[0;32m  OK  [0m] Reached target Timers.
         Starting Socket activation for snappy daemon.
[   13.392776] cloud-init[[0;32m  OK  [0m] Reached target Paths.
[[0;32m  OK  [0m] Reached target Cloud-config availability.
[[0;32m  OK  [0m] Listening on LXD - unix socket.
[[0;32m  OK  [0m] Listening on Socket activation for snappy daemon.
[[0;32m  OK  [0m] Reached target Sockets.
[[0;32m  OK  [0m] Reached target Basic System.
[[0;32m  OK  [0m] Started D-Bus System Message Bus.
[1024]: Your public key has been saved in /etc/ssh/ssh_host_dsa_key.pub.
[   13.434138] cloud-init[1024]: The key fingerprint is:
[   13.438299] cloud-init[1024]: SHA256:47zzRIE7ZwhnSLgUSkcJfuQ5qoTtftPF+yc6SGcXTvU root@ubuntu-bionic
[   13.442548] cloud-init[1024]: The key's randomart image is:
[   13.446269] cloud-init[1024]: +---[DSA 1024]----+
[   13.449101] cloud-init[1024]: |  oo=+.          |
         Starting LSB: Record successful boot for GRUB...
[[0;32m  OK  [0m] Started Deferred execution scheduler.
         Starting System Logging Service...
[[0;32m  OK  [0m] Started Regular background program processing daemon.
         Starting Snap Daemon...
         Starting Login Service...
         Starting Accounts Service...
         Starting Pollinate to seed the pseudo random number generator...
[   13.469703] cloud-init         Starting Permit User Sessions...
[1024]: | o =+o . .  .    |         Starting Virtualbox guest utils...

[   13.475891] cloud-init[1024]: |  o.=.o + .. .   |         Starting LSB: automatic crash report generation...
[[0;32m  OK  [0m] Reached target Login Prompts (Pre).
[[0;32m  OK  [0m] Started irqbalance daemon.
[[0;32m  OK  [0m] Started FUSE filesystem for LXC.

[   13.493159] cloud-init[1024]: |.. o.. + oo.  E  |
[   13.498061] cloud-init[1024]: |..o    .So+.     |
[   13.502988] cloud-init[1024]: |.o    .o=*o      |
[   13.506550] cloud-init[1024]: |. .  o =oo.      |
[   13.509264] cloud-init[1024]: | .  o o +o. .    |
[   13.512008] cloud-init[1024]: |  .. .  o*oo     |
[   13.514856] cloud-init[1024]: +----[SHA256]-----+
[   13.517600] cloud-init[1024]: Generating public/private ecdsa key pair.
[   13.520789] cloud-init[1024]: Your identification has been saved in /etc/ssh/ssh_host_ecdsa_key.
[   13.528008] cloud-init[1024]: Your public key has been saved in /etc/ssh/ssh_host_ecdsa_key.pub.
[   13.532075] cloud-init[1024]: The key fingerprint is:
[   13.534886] cloud-init[1024]: SHA256:9vDG4hf68JCR6t2SyvDnVikh3HwF5TlNvcOTjmP4CoM root@ubuntu-bionic
[   13.538949] cloud-init[1024]: The key's randomart image is:
[   13.542365] cloud-init[1024]: +---[ECDSA 256]---+
[   13.546352] cloud-init[1024]: |          .o. .. |
[   13.549861] cloud-init[1024]: |           ..+  .|
[   13.553141] cloud-init[1024]: |     . o   .+ o o|
[   13.556222] cloud-init[1024]: |      o +..  . * |
[   13.559483] cloud-init[1024]: |       .So .. o o|
[   13.562516] cloud-init[1024]: |       ooB+. + . |
[   13.567932] cloud-init[1024]: |    . .E=B=.o .  |
[   13.571026] cloud-init[1024]: |     = o*B+  .   |
[   13.574090] cloud-init[1024]: |      ==+++..    |
[   13.577145] cloud-init[1024]: +----[SHA256]-----+
[   13.580418] cloud-init[1024]: Generating public/private ed25519 key pair.
[   13.584530] cloud-init[1024]: Your identification has been saved in /etc/ssh/ssh_host_ed25519_key.
[   13.589164] cloud-init[1024]: Your public key has been saved in /etc/ssh/ssh_host_ed25519_key.pub.
[   13.598134] cloud-init[1024]: The key fingerprint is:
[   13.604792] cloud-init[1024]: SHA256:RTg/4yHS5CVvV9jHIP8flUi//YSpWYnX+Dfxfs+vyag root@ubuntu-bionic
[   13.610503] cloud-init[1024]: The key's randomart image is:
[   13.613502]          Starting Dispatcher daemon for systemd-networkd...
cloud-init[1024]: +--[ED25519 256]--+
[   13.621142] cloud-init[1024]: |         .. .+.o |
[   13.623861] cloud-init[1024]: |        =.. oo= +|
[   13.626483] cloud-init[1024]: |       + *.  o.+.|
[   13.629088] cloud-init[1024]: |      . +.B .. B+|
[   13.631662] cloud-init[1024]: |       .S+ =. B+=|
[   13.634865] cloud-init[1024]: |          .  = o*|
[   13.638270] cloud-init[1024]: |            o  .*|
[   13.641087] cloud-init[1024]: |             o ++|
[   13.644583] cloud-init[1024]: |          E.. +.O|
[   13.647252] cloud-init[1024]: +----[SHA256]-----+
         Starting LXD - container startup/shutdown...
[[0;32m  OK  [0m] Started System Logging Service.
[[0;32m  OK  [0m] Started Availability of block devices.
[[0;32m  OK  [0m] Started Permit User Sessions.
         Starting Hold until boot process finishes up...
         Starting Terminate Plymouth Boot Screen...
[[0;32m  OK  [0m] Started Hold until boot process finishes up.
[[0;32m  OK  [0m] Started Terminate Plymouth Boot Screen.
[[0;32m  OK  [0m] Started Login Service.
         Starting Authorization Manager...
[[0;32m  OK  [0m] Started Unattended Upgrades Shutdown.
         Starting Set console scheme...
[[0;32m  OK  [0m] Started Serial Getty on ttyS0.
[[0;32m  OK  [0m] Started LSB: automatic crash report generation.
[[0;32m  OK  [0m] Started Set console scheme.
[[0;32m  OK  [0m] Created slice system-getty.slice.
[[0;32m  OK  [0m] Started Getty on tty1.
[[0;32m  OK  [0m] Reached target Login Prompts.
[[0;32m  OK  [0m] Started LSB: Record successful boot for GRUB.
[[0;32m  OK  [0m] Started Authorization Manager.
[[0;32m  OK  [0m] Started Accounts Service.
[[0;32m  OK  [0m] Started Virtualbox guest utils.
[[0;32m  OK  [0m] Started LXD - container startup/shutdown.
[[0;32m  OK  [0m] Started Dispatcher daemon for systemd-networkd.
[[0;32m  OK  [0m] Started Snap Daemon.
         Starting Wait until snapd is fully seeded...
         Starting Time & Date Service...
[[0;32m  OK  [0m] Started Time & Date Service.
[[0;32m  OK  [0m] Started Pollinate to seed the pseudo random number generator.
         Starting OpenBSD Secure Shell server...
[[0;32m  OK  [0m] Started OpenBSD Secure Shell server.
[[0;32m  OK  [0m] Created slice User Slice of vagrant.
         Starting User Manager for UID 1000...
[[0;32m  OK  [0m] Started Session 1 of user vagrant.
[[0;32m  OK  [0m] Started User Manager for UID 1000.
[[0;32m  OK  [0m] Started Wait until snapd is fully seeded.
         Starting Apply the settings specified in cloud-config...
         Stopping User Manager for UID 1000...
[[0;32m  OK  [0m] Stopped User Manager for UID 1000.
[[0;32m  OK  [0m] Removed slice User Slice of vagrant.
[   18.056085] cloud-init[1657]: Cloud-init v. 23.1.2-0ubuntu0~18.04.1 running 'modules:config' at Thu, 09 May 2024 21:56:33 +0000. Up 17.60 seconds.
[[0;32m  OK  [0m] Started Apply the settings specified in cloud-config.
[[0;32m  OK  [0m] Reached target Multi-User System.
[[0;32m  OK  [0m] Reached target Graphical Interface.
         Starting Update UTMP about System Runlevel Changes...
         Starting Execute cloud user/final scripts...
[[0;32m  OK  [0m] Started Update UTMP about System Runlevel Changes.
[[0;32m  OK  [0m] Created slice User Slice of vagrant.
         Starting User Manager for UID 1000...
[[0;32m  OK  [0m] Started Session 3 of user vagrant.
[[0;32m  OK  [0m] Started User Manager for UID 1000.
ci-info: no authorized SSH keys fingerprints found for user ubuntu.
<14>May  9 21:56:34 cloud-init: #############################################################
<14>May  9 21:56:34 cloud-init: -----BEGIN SSH HOST KEY FINGERPRINTS-----
<14>May  9 21:56:34 cloud-init: 1024 SHA256:47zzRIE7ZwhnSLgUSkcJfuQ5qoTtftPF+yc6SGcXTvU root@ubuntu-bionic (DSA)
<14>May  9 21:56:34 cloud-init: 256 SHA256:9vDG4hf68JCR6t2SyvDnVikh3HwF5TlNvcOTjmP4CoM root@ubuntu-bionic (ECDSA)
<14>May  9 21:56:34 cloud-init: 256 SHA256:RTg/4yHS5CVvV9jHIP8flUi//YSpWYnX+Dfxfs+vyag root@ubuntu-bionic (ED25519)
<14>May  9 21:56:34 cloud-init: 2048 SHA256:RqD2CQH82tpoKJdiHRsDxAzma2mZcwHyqd+fbvq72lk root@ubuntu-bionic (RSA)
<14>May  9 21:56:34 cloud-init: -----END SSH HOST KEY FINGERPRINTS-----
<14>May  9 21:56:34 cloud-init: #############################################################
-----BEGIN SSH HOST KEY KEYS-----
ecdsa-sha2-nistp256 AAAAE2VjZHNhLXNoYTItbmlzdHAyNTYAAAAIbmlzdHAyNTYAAABBBCd3mIb74c7Rs+A0lVxlmS/x/+bGcd12A2uP5l9P2b6+SO6aXawNStYMjfAc/JNA/kSTn0roeKG1XvWN1r5zDdY= root@ubuntu-bionic
ssh-ed25519 AAAAC3NzaC1lZDI1NTE5AAAAIOR8sdnHzEaAvqmEVaPf4JMIy20L1vXnR+5M7BPRi/DJ root@ubuntu-bionic
ssh-rsa AAAAB3NzaC1yc2EAAAADAQABAAABAQC0wqAEbPvom4qi24ZgoNdQNGDpqFxUNq/jpJ1g3hnAW89M0eZZQisUDr/NuoBMIxr3KriNIPf4pKIip4PdUGjjladC44uypZou9ldEXbPPpEYIH3Bk2auswGbgF9I0J1XR5QSc2+ik869lsi78QaoiaVzHqQ8cgPjjxM1da9aXhPyUBkuaOqgd2biESrXmDYpEqVJiQk/Fm3i4mKEh824LKFk1wBJuNe0KC9Phw0C89lJu/0hdSmNcy+jTMX4ShSHLEse/t0C007zQnbvZvP57G72sZ0i+HjBL0GDOhsumC9/6iqMhXbwCoiW7wthkxOvm4/R0kqlAG3Y4a498dICn root@ubuntu-bionic
-----END SSH HOST KEY KEYS-----
[   18.815079] cloud-init[1896]: Cloud-init v. 23.1.2-0ubuntu0~18.04.1 running 'modules:final' at Thu, 09 May 2024 21:56:34 +0000. Up 18.61 seconds.
[   18.818336] cloud-init[1896]: Cloud-init v. 23.1.2-0ubuntu0~18.04.1 finished at Thu, 09 May 2024 21:56:35 +0000. Datasource DataSourceNoCloud [seed=/dev/sdb][dsmode=net].  Up 18.80 seconds
[[0;32m  OK  [0m] Started Execute cloud user/final scripts.
[[0;32m  OK  [0m] Reached target Cloud-init target.

Ubuntu 18.04.6 LTS ubuntu-bionic ttyS0

ubuntu-bionic login: 